mode: atomic
github.com/mntndev/dexcom-share/client.go:40.53,41.25 1 2
github.com/mntndev/dexcom-share/client.go:41.25,43.3 1 2
github.com/mntndev/dexcom-share/client.go:48.41,49.25 1 23
github.com/mntndev/dexcom-share/client.go:49.25,51.3 1 23
github.com/mntndev/dexcom-share/client.go:55.100,63.33 2 23
github.com/mntndev/dexcom-share/client.go:63.33,65.3 1 24
github.com/mntndev/dexcom-share/client.go:67.2,67.49 1 23
github.com/mntndev/dexcom-share/client.go:67.49,69.3 1 6
github.com/mntndev/dexcom-share/client.go:71.2,71.42 1 17
github.com/mntndev/dexcom-share/client.go:71.42,73.3 1 2
github.com/mntndev/dexcom-share/client.go:75.2,75.20 1 15
github.com/mntndev/dexcom-share/client.go:85.58,92.85 2 23
github.com/mntndev/dexcom-share/client.go:92.85,94.3 1 6
github.com/mntndev/dexcom-share/client.go:96.2,96.12 1 17
github.com/mntndev/dexcom-share/client.go:106.51,113.80 2 17
github.com/mntndev/dexcom-share/client.go:113.80,115.3 1 2
github.com/mntndev/dexcom-share/client.go:117.2,117.12 1 15
github.com/mntndev/dexcom-share/client.go:121.84,123.16 2 49
github.com/mntndev/dexcom-share/client.go:123.16,125.3 1 0
github.com/mntndev/dexcom-share/client.go:127.2,128.16 2 49
github.com/mntndev/dexcom-share/client.go:128.16,130.3 1 1
github.com/mntndev/dexcom-share/client.go:131.2,134.16 3 48
github.com/mntndev/dexcom-share/client.go:134.16,136.3 1 2
github.com/mntndev/dexcom-share/client.go:137.2,140.16 3 46
github.com/mntndev/dexcom-share/client.go:140.16,142.3 1 0
github.com/mntndev/dexcom-share/client.go:144.2,144.42 1 46
github.com/mntndev/dexcom-share/client.go:144.42,146.3 1 5
github.com/mntndev/dexcom-share/client.go:148.2,148.34 1 41
github.com/mntndev/dexcom-share/errors.go:30.35,31.9 1 11
github.com/mntndev/dexcom-share/errors.go:32.39,33.74 1 6
github.com/mntndev/dexcom-share/errors.go:34.20,35.59 1 1
github.com/mntndev/dexcom-share/errors.go:36.10,37.68 1 4
github.com/mntndev/dexcom-share/errors.go:41.57,48.55 3 7
github.com/mntndev/dexcom-share/errors.go:48.55,51.3 2 4
github.com/mntndev/dexcom-share/errors.go:53.2,53.15 1 7
github.com/mntndev/dexcom-share/glucose.go:28.39,30.2 1 7
github.com/mntndev/dexcom-share/glucose.go:41.98,42.41 1 14
github.com/mntndev/dexcom-share/glucose.go:42.41,44.3 1 3
github.com/mntndev/dexcom-share/glucose.go:46.2,46.44 1 11
github.com/mntndev/dexcom-share/glucose.go:46.44,48.3 1 2
github.com/mntndev/dexcom-share/glucose.go:50.2,57.80 3 9
github.com/mntndev/dexcom-share/glucose.go:57.80,59.3 1 4
github.com/mntndev/dexcom-share/glucose.go:61.2,61.21 1 5
github.com/mntndev/dexcom-share/time.go:21.49,23.51 2 330
github.com/mntndev/dexcom-share/time.go:23.51,25.3 1 1
github.com/mntndev/dexcom-share/time.go:27.2,28.16 2 329
github.com/mntndev/dexcom-share/time.go:28.16,30.3 1 8
github.com/mntndev/dexcom-share/time.go:32.2,34.12 2 321
github.com/mntndev/dexcom-share/time.go:38.45,42.17 3 3
github.com/mntndev/dexcom-share/time.go:42.17,44.3 1 1
github.com/mntndev/dexcom-share/time.go:46.2,47.16 2 2
github.com/mntndev/dexcom-share/time.go:47.16,50.3 2 1
github.com/mntndev/dexcom-share/time.go:52.2,52.99 1 2
github.com/mntndev/dexcom-share/time.go:55.42,57.9 2 329
github.com/mntndev/dexcom-share/time.go:57.9,59.3 1 2
github.com/mntndev/dexcom-share/time.go:61.2,62.9 2 327
github.com/mntndev/dexcom-share/time.go:62.9,64.3 1 1
github.com/mntndev/dexcom-share/time.go:67.2,68.54 2 326
github.com/mntndev/dexcom-share/time.go:68.54,70.17 2 113
github.com/mntndev/dexcom-share/time.go:70.17,72.4 1 3
github.com/mntndev/dexcom-share/time.go:74.3,74.40 1 110
github.com/mntndev/dexcom-share/time.go:77.2,78.16 2 323
github.com/mntndev/dexcom-share/time.go:78.16,80.3 1 2
github.com/mntndev/dexcom-share/time.go:82.2,82.55 1 321
github.com/mntndev/dexcom-share/time.go:85.55,87.16 2 113
github.com/mntndev/dexcom-share/time.go:87.16,89.3 1 3
github.com/mntndev/dexcom-share/time.go:91.2,92.18 2 110
github.com/mntndev/dexcom-share/time.go:92.18,94.3 1 1
github.com/mntndev/dexcom-share/time.go:96.2,96.45 1 109
github.com/mntndev/dexcom-share/trend.go:40.31,42.2 1 12
github.com/mntndev/dexcom-share/trend.go:46.37,48.9 2 12
github.com/mntndev/dexcom-share/trend.go:48.9,50.3 1 2
github.com/mntndev/dexcom-share/trend.go:52.2,52.26 1 10
github.com/mntndev/dexcom-share/trend.go:56.29,60.2 2 112
